make: Entering directory '/home/runner/work/biz/biz/biz'
toolchain check: Go 1.25.13, protoc 3.21.12, Go v1.36.11, gRPC v1.6.2
GENERATED domains   count=1 root=internal
GENERATED protobuf-go files=32
SKIPPED   providers no provider manifest or module capability requirements
GENERATED contract  services=19 messages=223 applicationFiles=108 out=contracts/generated
CHECKED   modules   modules
GENERATED assembly  bindings=2 codeOut=internal
go: downloading gorm.io/driver/mysql v1.5.2
go: downloading google.golang.org/grpc v1.82.1
go: downloading google.golang.org/genproto/googleapis/api v0.0.0-20260810153831-ec0a7760b754
go: downloading google.golang.org/genproto/googleapis/rpc v0.0.0-20260807164820-c8921c73eeea
go: downloading github.com/google/uuid v1.6.0
go: downloading github.com/google/go-cmp v0.7.0
go: downloading go.opentelemetry.io/otel/trace v1.44.0
go: downloading github.com/Netflix/go-env v0.0.0-20220526054621-78278af1949d
go: downloading github.com/alibabacloud-go/darabonba-openapi/v2 v2.0.4
go: downloading github.com/alibabacloud-go/sts-20150401/v2 v2.0.1
go: downloading github.com/jarcoal/httpmock v1.4.0
go: downloading go.opentelemetry.io/otel v1.44.0
go: downloading github.com/stretchr/testify v1.11.1
go: downloading golang.org/x/sys v0.47.0
go: downloading go.opentelemetry.io/otel/sdk/metric v1.44.0
go: downloading go.opentelemetry.io/otel/sdk v1.44.0
go: downloading go.opentelemetry.io/contrib/exporters/autoexport v0.69.0
go: downloading go.opentelemetry.io/otel/metric v1.44.0
go: downloading github.com/BurntSushi/toml v0.3.1
go: downloading gopkg.in/yaml.v2 v2.4.0
go: downloading github.com/alibabacloud-go/endpoint-util v1.1.0
go: downloading github.com/alibabacloud-go/openapi-util v0.1.0
go: downloading github.com/alibabacloud-go/tea-utils/v2 v2.0.1
go: downloading github.com/alibabacloud-go/tea v1.1.19
go: downloading github.com/alibabacloud-go/alibabacloud-gateway-spi v0.0.4
go: downloading github.com/alibabacloud-go/tea-utils v1.3.1
go: downloading github.com/alibabacloud-go/tea-xml v1.1.2
go: downloading github.com/aliyun/credentials-go v1.1.2
go: downloading github.com/davecgh/go-spew v1.1.2-0.20180830191138-d8f796af33cc
go: downloading github.com/pmezard/go-difflib v1.0.1-0.20181226105442-5d4384ee4fb2
go: downloading golang.org/x/text v0.40.0
go: downloading github.com/go-logr/logr v1.4.3
go: downloading github.com/go-logr/stdr v1.2.2
go: downloading go.opentelemetry.io/otel/metric/x v0.66.0
go: downloading go.uber.org/goleak v1.3.0
go: downloading github.com/prometheus/client_golang v1.23.2
go: downloading go.opentelemetry.io/contrib/bridges/prometheus v0.69.0
go: downloading go.opentelemetry.io/otel/exporters/otlp/otlplog/otlploggrpc v0.20.0
go: downloading go.opentelemetry.io/otel/exporters/otlp/otlplog/otlploghttp v0.20.0
go: downloading go.opentelemetry.io/otel/exporters/otlp/otlpmetric/otlpmetricgrpc v1.44.0
go: downloading go.opentelemetry.io/otel/exporters/otlp/otlpmetric/otlpmetrichttp v1.44.0
go: downloading go.opentelemetry.io/otel/exporters/otlp/otlptrace/otlptracegrpc v1.44.0
go: downloading go.opentelemetry.io/otel/exporters/otlp/otlptrace/otlptracehttp v1.44.0
go: downloading go.opentelemetry.io/otel/exporters/prometheus v0.66.0
go: downloading go.opentelemetry.io/otel/exporters/otlp/otlptrace v1.44.0
go: downloading go.opentelemetry.io/otel/exporters/stdout/stdoutlog v0.20.0
go: downloading go.opentelemetry.io/otel/exporters/stdout/stdoutmetric v1.44.0
go: downloading go.opentelemetry.io/otel/exporters/stdout/stdouttrace v1.44.0
go: downloading go.opentelemetry.io/otel/sdk/log v0.20.0
go: downloading go.opentelemetry.io/proto/otlp v1.10.0
go: downloading github.com/tjfoc/gmsm v1.3.2
go: downloading github.com/alibabacloud-go/debug v0.0.0-20190504072949-9472017b5c68
go: downloading github.com/json-iterator/go v1.1.12
go: downloading github.com/modern-go/reflect2 v1.0.2
go: downloading github.com/clbanning/mxj/v2 v2.5.5
go: downloading gopkg.in/yaml.v3 v3.0.1
go: downloading github.com/cespare/xxhash/v2 v2.3.0
go: downloading gonum.org/v1/gonum v0.17.0
go: downloading go.opentelemetry.io/auto/sdk v1.2.1
go: downloading github.com/prometheus/client_model v0.6.2
go: downloading github.com/prometheus/common v0.67.5
go: downloading github.com/beorn7/perks v1.0.1
go: downloading github.com/prometheus/procfs v0.20.1
go: downloading go.opentelemetry.io/otel/log v0.20.0
go: downloading github.com/prometheus/otlptranslator v1.0.0
go: downloading go.opentelemetry.io/otel/sdk/log/logtest v0.20.0
go: downloading github.com/grpc-ecosystem/grpc-gateway/v2 v2.29.0
go: downloading github.com/modern-go/concurrent v0.0.0-20180306012644-bacd9c7ef1dd
go: downloading github.com/kylelemons/godebug v1.1.0
go: downloading github.com/munnerz/goautoneg v0.0.0-20191010083416-a7dc8b61c822
go: downloading go.yaml.in/yaml/v2 v2.4.4
go: downloading github.com/cenkalti/backoff/v5 v5.0.3
go: github.com/hvritual/biz/cmd/biz imports
	yunka.io/pkg/logExt imports
	github.com/aliyun/aliyun-log-go-sdk tested by
	github.com/aliyun/aliyun-log-go-sdk.test imports
	github.com/alibabacloud-go/darabonba-openapi/v2/client imports
	github.com/aliyun/credentials-go/credentials: github.com/aliyun/credentials-go@v1.1.2: read "https://proxy.golang.org/github.com/aliyun/credentials-go/@v/v1.1.2.zip": stream error: stream ID 55; INTERNAL_ERROR; received from peer
make: *** [Makefile:13: generate] Error 1
make: Leaving directory '/home/runner/work/biz/biz/biz'
